[   48316ms] [ERROR] Failed to load resource: the server responded with a status of 404 () @ https://api.x.com/graphql/_8ClT24oZ8tpylf_OSuNdg/Viewer?variables=%7B%22withCommunitiesMemberships%22%3Atrue%7D&features=%7B%22subscriptions_upsells_api_enabled%22%3Afalse%2C%22profile_label_improvements_pcf_label_in_post_enabled%22%3Atrue%2C%22responsive_web_profile_redirect_enabled%22%3Afalse%2C%22rweb_tipjar_consumption_enabled%22%3Afalse%2C%22verified_phone_label_enabled%22%3Atrue%2C%22creator_subscriptions_tweet_preview_api_enabled%22%3Atrue%2C%22responsive_web_graphql_skip_user_profile_image_extensions_enabled%22%3Afalse%2C%22responsive_web_graphql_timeline_navigation_enabled%22%3Atrue%7D&fieldToggles=%7B%22isDelegate%22%3Afalse%2C%22withAuxiliaryUserLabels%22%3Atrue%7D:0
[   48319ms] [ERROR] Not signed in with the identity provider. @ https://x.com/:0
[   48320ms] [ERROR] [GSI_LOGGER]: FedCM get() rejects with AbortError: signal is aborted without reason @ https://accounts.google.com/gsi/client:81
[   48326ms] [ERROR] Not signed in with the identity provider. @ https://x.com/:0
[   48596ms] [WARNING] [GSI_LOGGER]: google.accounts.id.initialize() is called multiple times. This could cause unexpected behavior and only the last initialized instance will be used. @ https://accounts.google.com/gsi/client:80
[   48627ms] [ERROR] Failed to load resource: the server responded with a status of 400 () @ https://api.x.com/1.1/onboarding/referrer.json:0
[   56902ms] [ERROR] [GSI_LOGGER]: FedCM get() rejects with NetworkError: Error retrieving a token. @ https://accounts.google.com/gsi/client:81
[   67131ms] [ERROR] Cross-Origin-Opener-Policy policy would block the window.postMessage call. @ https://accounts.google.com/gsi/client:356
[   67132ms] [ERROR] Cross-Origin-Opener-Policy policy would block the window.postMessage call. @ https://accounts.google.com/gsi/client:356
[  445764ms] o: ApiError: https://x.com/i/api/2/badge_count/badge_count.json HTTP-0 codes:[1004]
    at u (https://abs.twimg.com/responsive-web/client-web/main.f48b270a.js:1:247344)
    at https://abs.twimg.com/responsive-web/client-web/main.f48b270a.js:1:248134
    at https://abs.twimg.com/responsive-web/client-web/main.f48b270a.js:1:248184
[  446772ms] [ERROR] Failed to load resource: net::ERR_HTTP2_PING_FAILED @ https://api.x.com/live_pipeline/events?topic=%2Ftweet_engagement%2F2034321875506196585:0
[  446773ms] [ERROR] Failed to load resource: net::ERR_HTTP2_PING_FAILED @ https://api.x.com/live_pipeline/events?topic=%2Favcall%2Fcreate%2F1715312021829505024,%2Favcall%2Fclear%2F1715312021829505024:0
[ 1435742ms] o: ApiError: https://x.com/i/api/2/badge_count/badge_count.json HTTP-0 codes:[1004]
    at u (https://abs.twimg.com/responsive-web/client-web/main.f48b270a.js:1:247344)
    at https://abs.twimg.com/responsive-web/client-web/main.f48b270a.js:1:248134
    at https://abs.twimg.com/responsive-web/client-web/main.f48b270a.js:1:248184
[ 1456950ms] [ERROR] Failed to load resource: net::ERR_CONNECTION_TIMED_OUT @ https://x.com/i/api/1.1/graphql/user_flow.json:0
[ 1457240ms] [ERROR] Failed to load resource: net::ERR_CONNECTION_TIMED_OUT @ https://x.com/i/api/2/badge_count/badge_count.json?supports_ntab_urt=1&include_xchat_count=1:0
[ 1457262ms] o: ApiError: https://x.com/i/api/2/badge_count/badge_count.json HTTP-0 codes:[1004]
    at u (https://abs.twimg.com/responsive-web/client-web/main.f48b270a.js:1:247344)
    at https://abs.twimg.com/responsive-web/client-web/main.f48b270a.js:1:248134
    at https://abs.twimg.com/responsive-web/client-web/main.f48b270a.js:1:248184
[ 1487656ms] [ERROR] Failed to load resource: net::ERR_NAME_NOT_RESOLVED @ https://x.com/i/api/1.1/graphql/user_flow.json:0
[ 1487657ms] [ERROR] Failed to load resource: net::ERR_NETWORK_CHANGED @ https://x.com/i/api/2/badge_count/badge_count.json?supports_ntab_urt=1&include_xchat_count=1:0
[ 1487663ms] o: ApiError: https://x.com/i/api/2/badge_count/badge_count.json HTTP-0 codes:[1004]
    at u (https://abs.twimg.com/responsive-web/client-web/main.f48b270a.js:1:247344)
    at https://abs.twimg.com/responsive-web/client-web/main.f48b270a.js:1:248134
    at https://abs.twimg.com/responsive-web/client-web/main.f48b270a.js:1:248184
[ 1501660ms] [ERROR] Failed to load resource: the server responded with a status of 400 () @ https://api.x.com/1.1/live_pipeline/update_subscriptions:0
[ 3145753ms] o: ApiError: https://x.com/i/api/2/badge_count/badge_count.json HTTP-0 codes:[1004]
    at u (https://abs.twimg.com/responsive-web/client-web/main.f48b270a.js:1:247344)
    at https://abs.twimg.com/responsive-web/client-web/main.f48b270a.js:1:248134
    at https://abs.twimg.com/responsive-web/client-web/main.f48b270a.js:1:248184
[ 3172853ms] [ERROR] Failed to load resource: net::ERR_NAME_NOT_RESOLVED @ https://x.com/i/api/2/badge_count/badge_count.json?supports_ntab_urt=1&include_xchat_count=1:0
[ 3172860ms] o: ApiError: https://x.com/i/api/2/badge_count/badge_count.json HTTP-0 codes:[1004]
    at u (https://abs.twimg.com/responsive-web/client-web/main.f48b270a.js:1:247344)
    at https://abs.twimg.com/responsive-web/client-web/main.f48b270a.js:1:248134
    at https://abs.twimg.com/responsive-web/client-web/main.f48b270a.js:1:248184
[ 3178951ms] [ERROR] Failed to load resource: net::ERR_NAME_NOT_RESOLVED @ https://x.com/i/api/1.1/graphql/error_log.json:0
[ 3178952ms] [ERROR] Failed to load resource: net::ERR_NAME_NOT_RESOLVED @ https://x.com/i/api/1.1/graphql/user_flow.json:0
[ 3193323ms] [ERROR] Failed to load resource: net::ERR_CONNECTION_RESET @ https://api.x.com/live_pipeline/events?topic=%2Ftweet_engagement%2F2034321875506196585,%2Ftweet_engagement%2F2026197088254791998,%2Ftweet_engagement%2F2033860465760030923,%2Ftweet_engagement%2F2034034576893612113,%2Flive_content%2F1715312021829505024:0
[ 3195876ms] [ERROR] Failed to load resource: net::ERR_NAME_NOT_RESOLVED @ https://x.com/i/api/1.1/graphql/user_flow.json:0
[ 3196741ms] [ERROR] Failed to load resource: net::ERR_NAME_NOT_RESOLVED @ https://x.com/i/api/2/badge_count/badge_count.json?supports_ntab_urt=1&include_xchat_count=1:0
[ 3196747ms] o: ApiError: https://x.com/i/api/2/badge_count/badge_count.json HTTP-0 codes:[1004]
    at u (https://abs.twimg.com/responsive-web/client-web/main.f48b270a.js:1:247344)
    at https://abs.twimg.com/responsive-web/client-web/main.f48b270a.js:1:248134
    at https://abs.twimg.com/responsive-web/client-web/main.f48b270a.js:1:248184
[ 3196747ms] [ERROR] Failed to load resource: net::ERR_NAME_NOT_RESOLVED @ https://x.com/i/api/1.1/graphql/user_flow.json:0
[ 3196748ms] [ERROR] Failed to load resource: net::ERR_NAME_NOT_RESOLVED @ https://x.com/i/api/1.1/graphql/error_log.json:0
[ 3227173ms] [ERROR] Failed to load resource: net::ERR_NETWORK_CHANGED @ https://x.com/i/api/1.1/graphql/user_flow.json:0
[ 3385759ms] o: ApiError: https://x.com/i/api/2/badge_count/badge_count.json HTTP-0 codes:[1004]
    at u (https://abs.twimg.com/responsive-web/client-web/main.f48b270a.js:1:247344)
    at https://abs.twimg.com/responsive-web/client-web/main.f48b270a.js:1:248134
    at https://abs.twimg.com/responsive-web/client-web/main.f48b270a.js:1:248184
[ 3394485ms] [ERROR] Failed to load resource: net::ERR_NETWORK_CHANGED @ https://x.com/i/api/1.1/graphql/error_log.json:0
[ 3394485ms] [ERROR] Failed to load resource: net::ERR_NETWORK_CHANGED @ https://x.com/i/api/1.1/graphql/user_flow.json:0
[ 3403678ms] [ERROR] Failed to load resource: net::ERR_NAME_NOT_RESOLVED @ https://api.x.com/1.1/live_pipeline/update_subscriptions:0
[ 3503363ms] [ERROR] Failed to load resource: the server responded with a status of 400 () @ https://api.x.com/1.1/live_pipeline/update_subscriptions:0
[ 3652959ms] [ERROR] Failed to load resource: net::ERR_CONNECTION_RESET @ https://api.x.com/live_pipeline/events?topic=%2Ftweet_engagement%2F2034321875506196585,%2Ftweet_engagement%2F2026197088254791998,%2Ftweet_engagement%2F2033860465760030923,%2Ftweet_engagement%2F2034034576893612113,%2Flive_content%2F1715312021829505024:0
[ 3652960ms] [ERROR] Failed to load resource: net::ERR_NETWORK_CHANGED @ https://x.com/i/api/2/badge_count/badge_count.json?supports_ntab_urt=1&include_xchat_count=1:0
[ 3652968ms] o: ApiError: https://x.com/i/api/2/badge_count/badge_count.json HTTP-0 codes:[1004]
    at u (https://abs.twimg.com/responsive-web/client-web/main.f48b270a.js:1:247344)
    at https://abs.twimg.com/responsive-web/client-web/main.f48b270a.js:1:248134
    at https://abs.twimg.com/responsive-web/client-web/main.f48b270a.js:1:248184
[ 3655489ms] [ERROR] Failed to load resource: net::ERR_NAME_NOT_RESOLVED @ https://x.com/i/api/1.1/graphql/user_flow.json:0
[ 3655493ms] [ERROR] Failed to load resource: net::ERR_NAME_NOT_RESOLVED @ https://x.com/i/api/1.1/graphql/error_log.json:0
[ 3835767ms] o: ApiError: https://x.com/i/api/2/badge_count/badge_count.json HTTP-0 codes:[1004]
    at u (https://abs.twimg.com/responsive-web/client-web/main.f48b270a.js:1:247344)
    at https://abs.twimg.com/responsive-web/client-web/main.f48b270a.js:1:248134
    at https://abs.twimg.com/responsive-web/client-web/main.f48b270a.js:1:248184
[ 3865752ms] o: ApiError: https://x.com/i/api/2/badge_count/badge_count.json HTTP-0 codes:[1004]
    at u (https://abs.twimg.com/responsive-web/client-web/main.f48b270a.js:1:247344)
    at https://abs.twimg.com/responsive-web/client-web/main.f48b270a.js:1:248134
    at https://abs.twimg.com/responsive-web/client-web/main.f48b270a.js:1:248184
[ 4705076ms] [ERROR] Failed to load resource: the server responded with a status of 400 () @ https://api.x.com/1.1/live_pipeline/update_subscriptions:0
[ 4735748ms] o: ApiError: https://x.com/i/api/2/badge_count/badge_count.json HTTP-0 codes:[1004]
    at u (https://abs.twimg.com/responsive-web/client-web/main.f48b270a.js:1:247344)
    at https://abs.twimg.com/responsive-web/client-web/main.f48b270a.js:1:248134
    at https://abs.twimg.com/responsive-web/client-web/main.f48b270a.js:1:248184
[ 4756971ms] [ERROR] Failed to load resource: net::ERR_CONNECTION_TIMED_OUT @ https://x.com/i/api/1.1/graphql/user_flow.json:0
[ 4757249ms] [ERROR] Failed to load resource: net::ERR_CONNECTION_TIMED_OUT @ https://x.com/i/api/2/badge_count/badge_count.json?supports_ntab_urt=1&include_xchat_count=1:0
[ 4757253ms] o: ApiError: https://x.com/i/api/2/badge_count/badge_count.json HTTP-0 codes:[1004]
    at u (https://abs.twimg.com/responsive-web/client-web/main.f48b270a.js:1:247344)
    at https://abs.twimg.com/responsive-web/client-web/main.f48b270a.js:1:248134
    at https://abs.twimg.com/responsive-web/client-web/main.f48b270a.js:1:248184
[ 4778392ms] [ERROR] Failed to load resource: net::ERR_CONNECTION_RESET @ https://api.x.com/live_pipeline/events?topic=%2Ftweet_engagement%2F2034321875506196585,%2Ftweet_engagement%2F2026197088254791998,%2Ftweet_engagement%2F2033860465760030923,%2Ftweet_engagement%2F2034034576893612113,%2Flive_content%2F1715312021829505024:0
[ 5005738ms] o: ApiError: https://x.com/i/api/2/badge_count/badge_count.json HTTP-0 codes:[1004]
    at u (https://abs.twimg.com/responsive-web/client-web/main.f48b270a.js:1:247344)
    at https://abs.twimg.com/responsive-web/client-web/main.f48b270a.js:1:248134
    at https://abs.twimg.com/responsive-web/client-web/main.f48b270a.js:1:248184
[ 5026940ms] [ERROR] Failed to load resource: net::ERR_CONNECTION_TIMED_OUT @ https://x.com/i/api/1.1/graphql/user_flow.json:0
[ 5027251ms] [ERROR] Failed to load resource: net::ERR_CONNECTION_TIMED_OUT @ https://x.com/i/api/2/badge_count/badge_count.json?supports_ntab_urt=1&include_xchat_count=1:0
[ 5027248ms] o: ApiError: https://x.com/i/api/2/badge_count/badge_count.json HTTP-0 codes:[1004]
    at u (https://abs.twimg.com/responsive-web/client-web/main.f48b270a.js:1:247344)
    at https://abs.twimg.com/responsive-web/client-web/main.f48b270a.js:1:248134
    at https://abs.twimg.com/responsive-web/client-web/main.f48b270a.js:1:248184
[ 5065764ms] o: ApiError: https://x.com/i/api/2/badge_count/badge_count.json HTTP-0 codes:[1004]
    at u (https://abs.twimg.com/responsive-web/client-web/main.f48b270a.js:1:247344)
    at https://abs.twimg.com/responsive-web/client-web/main.f48b270a.js:1:248134
    at https://abs.twimg.com/responsive-web/client-web/main.f48b270a.js:1:248184
[ 5086836ms] [ERROR] Failed to load resource: net::ERR_CONNECTION_ABORTED @ https://x.com/i/api/1.1/graphql/user_flow.json:0
[ 5088763ms] [ERROR] Failed to load resource: net::ERR_NAME_NOT_RESOLVED @ https://x.com/i/api/2/badge_count/badge_count.json?supports_ntab_urt=1&include_xchat_count=1:0
[ 5088801ms] o: ApiError: https://x.com/i/api/2/badge_count/badge_count.json HTTP-0 codes:[1004]
    at u (https://abs.twimg.com/responsive-web/client-web/main.f48b270a.js:1:247344)
    at https://abs.twimg.com/responsive-web/client-web/main.f48b270a.js:1:248134
    at https://abs.twimg.com/responsive-web/client-web/main.f48b270a.js:1:248184
[ 5088802ms] [ERROR] Failed to load resource: net::ERR_NAME_NOT_RESOLVED @ https://x.com/i/api/1.1/graphql/error_log.json:0
[ 5088808ms] [ERROR] Failed to load resource: net::ERR_NAME_NOT_RESOLVED @ https://x.com/i/api/1.1/graphql/user_flow.json:0
[ 5107980ms] [ERROR] Failed to load resource: the server responded with a status of 400 () @ https://api.x.com/1.1/live_pipeline/update_subscriptions:0
[ 5118691ms] [ERROR] Failed to load resource: net::ERR_NETWORK_CHANGED @ https://x.com/i/api/1.1/graphql/user_flow.json:0
[ 5118691ms] [ERROR] Failed to load resource: net::ERR_NETWORK_CHANGED @ https://x.com/i/api/2/badge_count/badge_count.json?supports_ntab_urt=1&include_xchat_count=1:0
[ 5118700ms] o: ApiError: https://x.com/i/api/2/badge_count/badge_count.json HTTP-0 codes:[1004]
    at u (https://abs.twimg.com/responsive-web/client-web/main.f48b270a.js:1:247344)
    at https://abs.twimg.com/responsive-web/client-web/main.f48b270a.js:1:248134
    at https://abs.twimg.com/responsive-web/client-web/main.f48b270a.js:1:248184
[ 5425759ms] o: ApiError: https://x.com/i/api/2/badge_count/badge_count.json HTTP-0 codes:[1004]
    at u (https://abs.twimg.com/responsive-web/client-web/main.f48b270a.js:1:247344)
    at https://abs.twimg.com/responsive-web/client-web/main.f48b270a.js:1:248134
    at https://abs.twimg.com/responsive-web/client-web/main.f48b270a.js:1:248184
[ 5446800ms] [ERROR] Failed to load resource: net::ERR_CONNECTION_TIMED_OUT @ https://x.com/i/api/2/badge_count/badge_count.json?supports_ntab_urt=1&include_xchat_count=1:0
[ 5446806ms] o: ApiError: https://x.com/i/api/2/badge_count/badge_count.json HTTP-0 codes:[1004]
    at u (https://abs.twimg.com/responsive-web/client-web/main.f48b270a.js:1:247344)
    at https://abs.twimg.com/responsive-web/client-web/main.f48b270a.js:1:248134
    at https://abs.twimg.com/responsive-web/client-web/main.f48b270a.js:1:248184
[ 5447100ms] [ERROR] Failed to load resource: net::ERR_CONNECTION_TIMED_OUT @ https://x.com/i/api/1.1/graphql/error_log.json:0
[ 5459881ms] [ERROR] Failed to load resource: net::ERR_CONNECTION_RESET @ https://api.x.com/live_pipeline/events?topic=%2Ftweet_engagement%2F2034321875506196585,%2Ftweet_engagement%2F2026197088254791998,%2Ftweet_engagement%2F2033860465760030923,%2Ftweet_engagement%2F2034034576893612113,%2Flive_content%2F1715312021829505024:0
[ 5515772ms] o: ApiError: https://x.com/i/api/2/badge_count/badge_count.json HTTP-0 codes:[1004]
    at u (https://abs.twimg.com/responsive-web/client-web/main.f48b270a.js:1:247344)
    at https://abs.twimg.com/responsive-web/client-web/main.f48b270a.js:1:248134
    at https://abs.twimg.com/responsive-web/client-web/main.f48b270a.js:1:248184
[ 5523581ms] [ERROR] Failed to load resource: net::ERR_NETWORK_CHANGED @ https://x.com/i/api/1.1/graphql/error_log.json:0
[ 5523583ms] [ERROR] Failed to load resource: net::ERR_NETWORK_CHANGED @ https://x.com/i/api/1.1/graphql/user_flow.json:0
[ 5597174ms] [ERROR] Failed to load resource: net::ERR_NETWORK_CHANGED @ https://x.com/i/api/1.1/graphql/user_flow.json:0
[ 5597179ms] [ERROR] Failed to load resource: net::ERR_NETWORK_CHANGED @ https://api.x.com/1.1/help/settings.json?include_zero_rate=true&feature_set_token=d0dc5e21e096d0c3a8f69bfee3307ea6c08b2128&settings_version=c69ca64659df7d552fba8a4d7c28f679:0
[ 5597182ms] [ERROR] Failed to load resource: net::ERR_NETWORK_CHANGED @ https://x.com/i/api/1.1/hashflags.json:0
[ 5609665ms] [ERROR] Failed to load resource: the server responded with a status of 400 () @ https://api.x.com/1.1/live_pipeline/update_subscriptions:0
[ 5785749ms] o: ApiError: https://x.com/i/api/2/badge_count/badge_count.json HTTP-0 codes:[1004]
    at u (https://abs.twimg.com/responsive-web/client-web/main.f48b270a.js:1:247344)
    at https://abs.twimg.com/responsive-web/client-web/main.f48b270a.js:1:248134
    at https://abs.twimg.com/responsive-web/client-web/main.f48b270a.js:1:248184
[ 5798220ms] [ERROR] Failed to load resource: net::ERR_CONNECTION_RESET @ https://api.x.com/live_pipeline/events?topic=%2Ftweet_engagement%2F2034321875506196585,%2Ftweet_engagement%2F2026197088254791998,%2Ftweet_engagement%2F2033860465760030923,%2Ftweet_engagement%2F2034034576893612113,%2Flive_content%2F1715312021829505024:0
[ 5995755ms] o: ApiError: https://x.com/i/api/2/badge_count/badge_count.json HTTP-0 codes:[1004]
    at u (https://abs.twimg.com/responsive-web/client-web/main.f48b270a.js:1:247344)
    at https://abs.twimg.com/responsive-web/client-web/main.f48b270a.js:1:248134
    at https://abs.twimg.com/responsive-web/client-web/main.f48b270a.js:1:248184
[ 6017262ms] [ERROR] Failed to load resource: net::ERR_NETWORK_CHANGED @ https://api.x.com/1.1/live_pipeline/update_subscriptions:0
[ 6017262ms] [ERROR] Failed to load resource: net::ERR_CONNECTION_ABORTED @ https://x.com/i/api/2/badge_count/badge_count.json?supports_ntab_urt=1&include_xchat_count=1:0
[ 6017282ms] o: ApiError: https://x.com/i/api/2/badge_count/badge_count.json HTTP-0 codes:[1004]
    at u (https://abs.twimg.com/responsive-web/client-web/main.f48b270a.js:1:247344)
    at https://abs.twimg.com/responsive-web/client-web/main.f48b270a.js:1:248134
    at https://abs.twimg.com/responsive-web/client-web/main.f48b270a.js:1:248184
[ 6019160ms] [ERROR] Failed to load resource: net::ERR_NAME_NOT_RESOLVED @ https://x.com/i/api/1.1/graphql/error_log.json:0
[ 6019162ms] [ERROR] Failed to load resource: net::ERR_NAME_NOT_RESOLVED @ https://x.com/i/api/1.1/graphql/user_flow.json:0
[ 6049922ms] [ERROR] Failed to load resource: net::ERR_NETWORK_CHANGED @ https://x.com/i/api/2/badge_count/badge_count.json?supports_ntab_urt=1&include_xchat_count=1:0
[ 6049926ms] o: ApiError: https://x.com/i/api/2/badge_count/badge_count.json HTTP-0 codes:[1004]
    at u (https://abs.twimg.com/responsive-web/client-web/main.f48b270a.js:1:247344)
    at https://abs.twimg.com/responsive-web/client-web/main.f48b270a.js:1:248134
    at https://abs.twimg.com/responsive-web/client-web/main.f48b270a.js:1:248184
[ 6111417ms] [ERROR] Failed to load resource: the server responded with a status of 400 () @ https://api.x.com/1.1/live_pipeline/update_subscriptions:0
[ 6145751ms] o: ApiError: https://x.com/i/api/2/badge_count/badge_count.json HTTP-0 codes:[1004]
    at u (https://abs.twimg.com/responsive-web/client-web/main.f48b270a.js:1:247344)
    at https://abs.twimg.com/responsive-web/client-web/main.f48b270a.js:1:248134
    at https://abs.twimg.com/responsive-web/client-web/main.f48b270a.js:1:248184
[ 6146433ms] [ERROR] Failed to load resource: net::ERR_NETWORK_CHANGED @ https://x.com/i/api/1.1/graphql/error_log.json:0
[ 6146439ms] [ERROR] Failed to load resource: net::ERR_NAME_NOT_RESOLVED @ https://x.com/i/api/1.1/graphql/user_flow.json:0
[ 6146440ms] [ERROR] Failed to load resource: net::ERR_CONNECTION_RESET @ https://api.x.com/live_pipeline/events?topic=%2Ftweet_engagement%2F2034321875506196585,%2Ftweet_engagement%2F2026197088254791998,%2Ftweet_engagement%2F2033860465760030923,%2Ftweet_engagement%2F2034034576893612113,%2Flive_content%2F1715312021829505024:0
[ 6445764ms] o: ApiError: https://x.com/i/api/2/badge_count/badge_count.json HTTP-0 codes:[1004]
    at u (https://abs.twimg.com/responsive-web/client-web/main.f48b270a.js:1:247344)
    at https://abs.twimg.com/responsive-web/client-web/main.f48b270a.js:1:248134
    at https://abs.twimg.com/responsive-web/client-web/main.f48b270a.js:1:248184
[ 6467826ms] [ERROR] Failed to load resource: net::ERR_CONNECTION_TIMED_OUT @ https://x.com/i/api/2/badge_count/badge_count.json?supports_ntab_urt=1&include_xchat_count=1:0
[ 6467831ms] o: ApiError: https://x.com/i/api/2/badge_count/badge_count.json HTTP-0 codes:[1004]
    at u (https://abs.twimg.com/responsive-web/client-web/main.f48b270a.js:1:247344)
    at https://abs.twimg.com/responsive-web/client-web/main.f48b270a.js:1:248134
    at https://abs.twimg.com/responsive-web/client-web/main.f48b270a.js:1:248184
[ 6498830ms] [ERROR] Failed to load resource: net::ERR_NETWORK_CHANGED @ https://x.com/i/api/1.1/graphql/user_flow.json:0
[ 6565752ms] o: ApiError: https://x.com/i/api/2/badge_count/badge_count.json HTTP-0 codes:[1004]
    at u (https://abs.twimg.com/responsive-web/client-web/main.f48b270a.js:1:247344)
    at https://abs.twimg.com/responsive-web/client-web/main.f48b270a.js:1:248134
    at https://abs.twimg.com/responsive-web/client-web/main.f48b270a.js:1:248184
[ 6567376ms] [ERROR] Failed to load resource: net::ERR_CONNECTION_ABORTED @ https://x.com/i/api/1.1/graphql/error_log.json:0
[ 6567378ms] [ERROR] Failed to load resource: net::ERR_ADDRESS_UNREACHABLE @ https://x.com/i/api/1.1/graphql/user_flow.json:0
[ 6865747ms] o: ApiError: https://x.com/i/api/2/badge_count/badge_count.json HTTP-0 codes:[1004]
    at u (https://abs.twimg.com/responsive-web/client-web/main.f48b270a.js:1:247344)
    at https://abs.twimg.com/responsive-web/client-web/main.f48b270a.js:1:248134
    at https://abs.twimg.com/responsive-web/client-web/main.f48b270a.js:1:248184
[ 6873647ms] [ERROR] Failed to load resource: net::ERR_ADDRESS_UNREACHABLE @ https://x.com/i/api/1.1/graphql/user_flow.json:0
[ 6873650ms] [ERROR] Failed to load resource: net::ERR_ADDRESS_UNREACHABLE @ https://x.com/i/api/1.1/graphql/error_log.json:0
[ 7045746ms] o: ApiError: https://x.com/i/api/2/badge_count/badge_count.json HTTP-0 codes:[1004]
    at u (https://abs.twimg.com/responsive-web/client-web/main.f48b270a.js:1:247344)
    at https://abs.twimg.com/responsive-web/client-web/main.f48b270a.js:1:248134
    at https://abs.twimg.com/responsive-web/client-web/main.f48b270a.js:1:248184
[ 7067811ms] [ERROR] Failed to load resource: net::ERR_CONNECTION_TIMED_OUT @ https://x.com/i/api/2/badge_count/badge_count.json?supports_ntab_urt=1&include_xchat_count=1:0
[ 7067809ms] o: ApiError: https://x.com/i/api/2/badge_count/badge_count.json HTTP-0 codes:[1004]
    at u (https://abs.twimg.com/responsive-web/client-web/main.f48b270a.js:1:247344)
    at https://abs.twimg.com/responsive-web/client-web/main.f48b270a.js:1:248134
    at https://abs.twimg.com/responsive-web/client-web/main.f48b270a.js:1:248184
[ 7068116ms] [ERROR] Failed to load resource: net::ERR_CONNECTION_TIMED_OUT @ https://x.com/i/api/1.1/graphql/error_log.json:0
[ 7069969ms] [ERROR] Failed to load resource: net::ERR_CONNECTION_ABORTED @ https://x.com/i/api/1.1/graphql/user_flow.json:0
[ 7195756ms] o: ApiError: https://x.com/i/api/2/badge_count/badge_count.json HTTP-0 codes:[1004]
    at u (https://abs.twimg.com/responsive-web/client-web/main.f48b270a.js:1:247344)
    at https://abs.twimg.com/responsive-web/client-web/main.f48b270a.js:1:248134
    at https://abs.twimg.com/responsive-web/client-web/main.f48b270a.js:1:248184
[ 7217813ms] [ERROR] Failed to load resource: net::ERR_CONNECTION_TIMED_OUT @ https://x.com/i/api/2/badge_count/badge_count.json?supports_ntab_urt=1&include_xchat_count=1:0
[ 7217818ms] o: ApiError: https://x.com/i/api/2/badge_count/badge_count.json HTTP-0 codes:[1004]
    at u (https://abs.twimg.com/responsive-web/client-web/main.f48b270a.js:1:247344)
    at https://abs.twimg.com/responsive-web/client-web/main.f48b270a.js:1:248134
    at https://abs.twimg.com/responsive-web/client-web/main.f48b270a.js:1:248184
[ 7218127ms] [ERROR] Failed to load resource: net::ERR_CONNECTION_TIMED_OUT @ https://x.com/i/api/1.1/graphql/error_log.json:0
[ 7255750ms] o: ApiError: https://x.com/i/api/2/badge_count/badge_count.json HTTP-0 codes:[1004]
    at u (https://abs.twimg.com/responsive-web/client-web/main.f48b270a.js:1:247344)
    at https://abs.twimg.com/responsive-web/client-web/main.f48b270a.js:1:248134
    at https://abs.twimg.com/responsive-web/client-web/main.f48b270a.js:1:248184
[ 7282838ms] [ERROR] Failed to load resource: net::ERR_NAME_NOT_RESOLVED @ https://x.com/i/api/2/badge_count/badge_count.json?supports_ntab_urt=1&include_xchat_count=1:0
[ 7282836ms] o: ApiError: https://x.com/i/api/2/badge_count/badge_count.json HTTP-0 codes:[1004]
    at u (https://abs.twimg.com/responsive-web/client-web/main.f48b270a.js:1:247344)
    at https://abs.twimg.com/responsive-web/client-web/main.f48b270a.js:1:248134
    at https://abs.twimg.com/responsive-web/client-web/main.f48b270a.js:1:248184
[ 7315748ms] o: ApiError: https://x.com/i/api/2/badge_count/badge_count.json HTTP-0 codes:[1004]
    at u (https://abs.twimg.com/responsive-web/client-web/main.f48b270a.js:1:247344)
    at https://abs.twimg.com/responsive-web/client-web/main.f48b270a.js:1:248134
    at https://abs.twimg.com/responsive-web/client-web/main.f48b270a.js:1:248184
[ 7345767ms] o: ApiError: https://x.com/i/api/2/badge_count/badge_count.json HTTP-0 codes:[1004]
    at u (https://abs.twimg.com/responsive-web/client-web/main.f48b270a.js:1:247344)
    at https://abs.twimg.com/responsive-web/client-web/main.f48b270a.js:1:248134
    at https://abs.twimg.com/responsive-web/client-web/main.f48b270a.js:1:248184
[ 7375758ms] o: ApiError: https://x.com/i/api/2/badge_count/badge_count.json HTTP-0 codes:[1004]
    at u (https://abs.twimg.com/responsive-web/client-web/main.f48b270a.js:1:247344)
    at https://abs.twimg.com/responsive-web/client-web/main.f48b270a.js:1:248134
    at https://abs.twimg.com/responsive-web/client-web/main.f48b270a.js:1:248184
[ 7397322ms] [ERROR] Failed to load resource: net::ERR_NAME_NOT_RESOLVED @ https://x.com/i/api/1.1/graphql/user_flow.json:0
[ 7397333ms] [ERROR] Failed to load resource: net::ERR_NAME_NOT_RESOLVED @ https://api.x.com/1.1/help/settings.json?include_zero_rate=true&feature_set_token=d0dc5e21e096d0c3a8f69bfee3307ea6c08b2128&settings_version=c69ca64659df7d552fba8a4d7c28f679:0
[ 7397342ms] [ERROR] Failed to load resource: net::ERR_NAME_NOT_RESOLVED @ https://x.com/i/api/1.1/hashflags.json:0
[ 7397344ms] [ERROR] Failed to load resource: net::ERR_NAME_NOT_RESOLVED @ https://x.com/i/api/2/badge_count/badge_count.json?supports_ntab_urt=1&include_xchat_count=1:0
[ 7397358ms] o: ApiError: https://x.com/i/api/2/badge_count/badge_count.json HTTP-0 codes:[1004]
    at u (https://abs.twimg.com/responsive-web/client-web/main.f48b270a.js:1:247344)
    at https://abs.twimg.com/responsive-web/client-web/main.f48b270a.js:1:248134
    at https://abs.twimg.com/responsive-web/client-web/main.f48b270a.js:1:248184
[ 7397363ms] [ERROR] Failed to load resource: net::ERR_NAME_NOT_RESOLVED @ https://x.com/i/api/1.1/graphql/error_log.json:0
[ 7397369ms] [ERROR] Failed to load resource: net::ERR_NAME_NOT_RESOLVED @ https://x.com/i/api/1.1/graphql/user_flow.json:0
[ 7401665ms] [ERROR] Failed to load resource: net::ERR_NETWORK_CHANGED @ https://x.com/i/api/graphql/pb8he8eISwQOfD8f06WFCQ/ExploreSidebar?variables=%7B%7D&features=%7B%22rweb_video_screen_enabled%22%3Afalse%2C%22profile_label_improvements_pcf_label_in_post_enabled%22%3Atrue%2C%22responsive_web_profile_redirect_enabled%22%3Afalse%2C%22rweb_tipjar_consumption_enabled%22%3Afalse%2C%22verified_phone_label_enabled%22%3Atrue%2C%22creator_subscriptions_tweet_preview_api_enabled%22%3Atrue%2C%22responsive_web_graphql_timeline_navigation_enabled%22%3Atrue%2C%22responsive_web_graphql_skip_user_profile_image_extensions_enabled%22%3Afalse%2C%22premium_content_api_read_enabled%22%3Afalse%2C%22communities_web_enable_tweet_community_results_fetch%22%3Atrue%2C%22c9s_tweet_anatomy_moderator_badge_enabled%22%3Atrue%2C%22responsive_web_grok_analyze_button_fetch_trends_enabled%22%3Afalse%2C%22responsive_web_grok_analyze_post_followups_enabled%22%3Atrue%2C%22responsive_web_jetfuel_frame%22%3Atrue%2C%22responsive_web_grok_share_attachment_enabled%22%3Atrue%2C%22responsive_web_grok_annotations_enabled%22%3Atrue%2C%22articles_preview_enabled%22%3Atrue%2C%22responsive_web_edit_tweet_api_enabled%22%3Atrue%2C%22graphql_is_translatable_rweb_tweet_is_translatable_enabled%22%3Atrue%2C%22view_counts_everywhere_api_enabled%22%3Atrue%2C%22longform_notetweets_consumption_enabled%22%3Atrue%2C%22responsive_web_twitter_article_tweet_consumption_enabled%22%3Atrue%2C%22tweet_awards_web_tipping_enabled%22%3Afalse%2C%22content_disclosure_indicator_enabled%22%3Atrue%2C%22content_disclosure_ai_generated_indicator_enabled%22%3Atrue%2C%22responsive_web_grok_show_grok_translated_post%22%3Afalse%2C%22responsive_web_grok_analysis_button_from_backend%22%3Atrue%2C%22post_ctas_fetch_enabled%22%3Atrue%2C%22freedom_of_speech_not_reach_fetch_enabled%22%3Atrue%2C%22standardized_nudges_misinfo%22%3Atrue%2C%22tweet_with_visibility_results_prefer_gql_limited_actions_policy_enabled%22%3Atrue%2C%22longform_notetweets_rich_text_read_enabled%22%3Atrue%2C%22longform_notetweets_inline_media_enabled%22%3Afalse%2C%22responsive_web_grok_image_annotation_enabled%22%3Atrue%2C%22responsive_web_grok_imagine_annotation_enabled%22%3Atrue%2C%22responsive_web_grok_community_note_auto_translation_is_enabled%22%3Afalse%2C%22responsive_web_enhance_cards_enabled%22%3Afalse%7D:0
[ 7401666ms] [ERROR] Failed to load resource: net::ERR_NETWORK_CHANGED @ https://x.com/i/api/fleets/v1/fleetline?only_spaces=true:0
[ 7413670ms] [ERROR] Failed to load resource: the server responded with a status of 400 () @ https://api.x.com/1.1/live_pipeline/update_subscriptions:0
[ 7555778ms] o: ApiError: https://x.com/i/api/2/badge_count/badge_count.json HTTP-0 codes:[1004]
    at u (https://abs.twimg.com/responsive-web/client-web/main.f48b270a.js:1:247344)
    at https://abs.twimg.com/responsive-web/client-web/main.f48b270a.js:1:248134
    at https://abs.twimg.com/responsive-web/client-web/main.f48b270a.js:1:248184
[ 7582856ms] [ERROR] Failed to load resource: net::ERR_NAME_NOT_RESOLVED @ https://x.com/i/api/2/badge_count/badge_count.json?supports_ntab_urt=1&include_xchat_count=1:0
[ 7582861ms] o: ApiError: https://x.com/i/api/2/badge_count/badge_count.json HTTP-0 codes:[1004]
    at u (https://abs.twimg.com/responsive-web/client-web/main.f48b270a.js:1:247344)
    at https://abs.twimg.com/responsive-web/client-web/main.f48b270a.js:1:248134
    at https://abs.twimg.com/responsive-web/client-web/main.f48b270a.js:1:248184
[ 7705759ms] o: ApiError: https://x.com/i/api/2/badge_count/badge_count.json HTTP-0 codes:[1004]
    at u (https://abs.twimg.com/responsive-web/client-web/main.f48b270a.js:1:247344)
    at https://abs.twimg.com/responsive-web/client-web/main.f48b270a.js:1:248134
    at https://abs.twimg.com/responsive-web/client-web/main.f48b270a.js:1:248184
[ 7714014ms] [ERROR] Failed to load resource: net::ERR_NAME_NOT_RESOLVED @ https://x.com/i/api/1.1/graphql/error_log.json:0
[ 7714014ms] [ERROR] Failed to load resource: net::ERR_NAME_NOT_RESOLVED @ https://x.com/i/api/1.1/graphql/user_flow.json:0
[ 7735764ms] o: ApiError: https://x.com/i/api/2/badge_count/badge_count.json HTTP-0 codes:[1004]
    at u (https://abs.twimg.com/responsive-web/client-web/main.f48b270a.js:1:247344)
    at https://abs.twimg.com/responsive-web/client-web/main.f48b270a.js:1:248134
    at https://abs.twimg.com/responsive-web/client-web/main.f48b270a.js:1:248184
[ 7738049ms] [ERROR] Failed to load resource: net::ERR_NAME_NOT_RESOLVED @ https://x.com/i/api/1.1/graphql/error_log.json:0
[ 7738052ms] [ERROR] Failed to load resource: net::ERR_NAME_NOT_RESOLVED @ https://x.com/i/api/1.1/graphql/user_flow.json:0
[ 7765758ms] o: ApiError: https://x.com/i/api/2/badge_count/badge_count.json HTTP-0 codes:[1004]
    at u (https://abs.twimg.com/responsive-web/client-web/main.f48b270a.js:1:247344)
    at https://abs.twimg.com/responsive-web/client-web/main.f48b270a.js:1:248134
    at https://abs.twimg.com/responsive-web/client-web/main.f48b270a.js:1:248184
[ 7774058ms] [ERROR] Failed to load resource: net::ERR_NAME_NOT_RESOLVED @ https://x.com/i/api/1.1/graphql/error_log.json:0
[ 7774059ms] [ERROR] Failed to load resource: net::ERR_NAME_NOT_RESOLVED @ https://x.com/i/api/1.1/graphql/user_flow.json:0
[ 7795761ms] o: ApiError: https://x.com/i/api/2/badge_count/badge_count.json HTTP-0 codes:[1004]
    at u (https://abs.twimg.com/responsive-web/client-web/main.f48b270a.js:1:247344)
    at https://abs.twimg.com/responsive-web/client-web/main.f48b270a.js:1:248134
    at https://abs.twimg.com/responsive-web/client-web/main.f48b270a.js:1:248184
[ 7804066ms] [ERROR] Failed to load resource: net::ERR_NAME_NOT_RESOLVED @ https://x.com/i/api/1.1/graphql/error_log.json:0
[ 7804068ms] [ERROR] Failed to load resource: net::ERR_NAME_NOT_RESOLVED @ https://x.com/i/api/1.1/graphql/user_flow.json:0
[ 7825750ms] o: ApiError: https://x.com/i/api/2/badge_count/badge_count.json HTTP-0 codes:[1004]
    at u (https://abs.twimg.com/responsive-web/client-web/main.f48b270a.js:1:247344)
    at https://abs.twimg.com/responsive-web/client-web/main.f48b270a.js:1:248134
    at https://abs.twimg.com/responsive-web/client-web/main.f48b270a.js:1:248184
[ 7828061ms] [ERROR] Failed to load resource: net::ERR_NAME_NOT_RESOLVED @ https://x.com/i/api/1.1/graphql/error_log.json:0
[ 7828062ms] [ERROR] Failed to load resource: net::ERR_NAME_NOT_RESOLVED @ https://x.com/i/api/1.1/graphql/user_flow.json:0
[ 7855757ms] o: ApiError: https://x.com/i/api/2/badge_count/badge_count.json HTTP-0 codes:[1004]
    at u (https://abs.twimg.com/responsive-web/client-web/main.f48b270a.js:1:247344)
    at https://abs.twimg.com/responsive-web/client-web/main.f48b270a.js:1:248134
    at https://abs.twimg.com/responsive-web/client-web/main.f48b270a.js:1:248184
[ 7857344ms] [ERROR] Failed to load resource: net::ERR_NAME_NOT_RESOLVED @ https://x.com/i/api/1.1/graphql/user_flow.json:0
[ 7915492ms] [ERROR] Failed to load resource: the server responded with a status of 400 () @ https://api.x.com/1.1/live_pipeline/update_subscriptions:0
[ 8154978ms] [ERROR] Failed to load resource: net::ERR_CONNECTION_RESET @ https://api.x.com/live_pipeline/events?topic=%2Ftweet_engagement%2F2034321875506196585,%2Ftweet_engagement%2F2026197088254791998,%2Ftweet_engagement%2F2033860465760030923,%2Ftweet_engagement%2F2034034576893612113,%2Flive_content%2F1715312021829505024:0
[ 8154980ms] [ERROR] Failed to load resource: net::ERR_ADDRESS_UNREACHABLE @ https://x.com/i/api/2/badge_count/badge_count.json?supports_ntab_urt=1&include_xchat_count=1:0
[ 8154989ms] o: ApiError: https://x.com/i/api/2/badge_count/badge_count.json HTTP-0 codes:[1004]
    at u (https://abs.twimg.com/responsive-web/client-web/main.f48b270a.js:1:247344)
    at https://abs.twimg.com/responsive-web/client-web/main.f48b270a.js:1:248134
    at https://abs.twimg.com/responsive-web/client-web/main.f48b270a.js:1:248184
[ 8156833ms] [ERROR] Failed to load resource: net::ERR_NAME_NOT_RESOLVED @ https://x.com/i/api/1.1/graphql/user_flow.json:0
[ 8156834ms] [ERROR] Failed to load resource: net::ERR_NAME_NOT_RESOLVED @ https://x.com/i/api/1.1/graphql/error_log.json:0
[ 8617213ms] [ERROR] Failed to load resource: the server responded with a status of 400 () @ https://api.x.com/1.1/live_pipeline/update_subscriptions:0
[10615794ms] o: ApiError: https://x.com/i/api/2/badge_count/badge_count.json HTTP-0 codes:[1004]
    at u (https://abs.twimg.com/responsive-web/client-web/main.f48b270a.js:1:247344)
    at https://abs.twimg.com/responsive-web/client-web/main.f48b270a.js:1:248134
    at https://abs.twimg.com/responsive-web/client-web/main.f48b270a.js:1:248184
[10623925ms] [ERROR] Failed to load resource: net::ERR_NAME_NOT_RESOLVED @ https://x.com/i/api/1.1/graphql/error_log.json:0
[10623926ms] [ERROR] Failed to load resource: net::ERR_NAME_NOT_RESOLVED @ https://x.com/i/api/1.1/graphql/user_flow.json:0
[10628587ms] [ERROR] Failed to load resource: net::ERR_HTTP2_PING_FAILED @ https://api.x.com/live_pipeline/events?topic=%2Ftweet_engagement%2F2034321875506196585,%2Ftweet_engagement%2F2026197088254791998,%2Ftweet_engagement%2F2033860465760030923,%2Ftweet_engagement%2F2034034576893612113,%2Flive_content%2F1715312021829505024:0
[10645761ms] o: ApiError: https://x.com/i/api/2/badge_count/badge_count.json HTTP-0 codes:[1004]
    at u (https://abs.twimg.com/responsive-web/client-web/main.f48b270a.js:1:247344)
    at https://abs.twimg.com/responsive-web/client-web/main.f48b270a.js:1:248134
    at https://abs.twimg.com/responsive-web/client-web/main.f48b270a.js:1:248184
[10654568ms] [ERROR] Failed to load resource: net::ERR_NETWORK_CHANGED @ https://x.com/i/api/1.1/graphql/user_flow.json:0
[10654569ms] [ERROR] Failed to load resource: net::ERR_NETWORK_CHANGED @ https://x.com/i/api/1.1/graphql/error_log.json:0
[10718966ms] [ERROR] Failed to load resource: the server responded with a status of 400 () @ https://api.x.com/1.1/live_pipeline/update_subscriptions:0
[12835752ms] o: ApiError: https://x.com/i/api/2/badge_count/badge_count.json HTTP-0 codes:[1004]
    at u (https://abs.twimg.com/responsive-web/client-web/main.f48b270a.js:1:247344)
    at https://abs.twimg.com/responsive-web/client-web/main.f48b270a.js:1:248134
    at https://abs.twimg.com/responsive-web/client-web/main.f48b270a.js:1:248184
[12844855ms] [ERROR] Failed to load resource: net::ERR_CONNECTION_RESET @ https://api.x.com/live_pipeline/events?topic=%2Ftweet_engagement%2F2034321875506196585,%2Ftweet_engagement%2F2026197088254791998,%2Ftweet_engagement%2F2033860465760030923,%2Ftweet_engagement%2F2034034576893612113,%2Flive_content%2F1715312021829505024:0
[12917974ms] [ERROR] Failed to load resource: net::ERR_NETWORK_CHANGED @ https://x.com/i/api/2/badge_count/badge_count.json?supports_ntab_urt=1&include_xchat_count=1:0
[12917978ms] o: ApiError: https://x.com/i/api/2/badge_count/badge_count.json HTTP-0 codes:[1004]
    at u (https://abs.twimg.com/responsive-web/client-web/main.f48b270a.js:1:247344)
    at https://abs.twimg.com/responsive-web/client-web/main.f48b270a.js:1:248134
    at https://abs.twimg.com/responsive-web/client-web/main.f48b270a.js:1:248184
[13075758ms] o: ApiError: https://x.com/i/api/2/badge_count/badge_count.json HTTP-0 codes:[1004]
    at u (https://abs.twimg.com/responsive-web/client-web/main.f48b270a.js:1:247344)
    at https://abs.twimg.com/responsive-web/client-web/main.f48b270a.js:1:248134
    at https://abs.twimg.com/responsive-web/client-web/main.f48b270a.js:1:248184
[13098519ms] [ERROR] Failed to load resource: net::ERR_NAME_NOT_RESOLVED @ https://x.com/i/api/1.1/graphql/user_flow.json:0
[13098520ms] [ERROR] Failed to load resource: net::ERR_NAME_NOT_RESOLVED @ https://x.com/i/api/2/badge_count/badge_count.json?supports_ntab_urt=1&include_xchat_count=1:0
[13098530ms] o: ApiError: https://x.com/i/api/2/badge_count/badge_count.json HTTP-0 codes:[1004]
    at u (https://abs.twimg.com/responsive-web/client-web/main.f48b270a.js:1:247344)
    at https://abs.twimg.com/responsive-web/client-web/main.f48b270a.js:1:248134
    at https://abs.twimg.com/responsive-web/client-web/main.f48b270a.js:1:248184
[13100318ms] [ERROR] Failed to load resource: net::ERR_NAME_NOT_RESOLVED @ https://x.com/i/api/1.1/graphql/error_log.json:0
[13100318ms] [ERROR] Failed to load resource: net::ERR_NAME_NOT_RESOLVED @ https://x.com/i/api/1.1/graphql/user_flow.json:0
[13100746ms] [ERROR] Failed to load resource: net::ERR_NAME_NOT_RESOLVED @ https://x.com/i/api/graphql/pb8he8eISwQOfD8f06WFCQ/ExploreSidebar?variables=%7B%7D&features=%7B%22rweb_video_screen_enabled%22%3Afalse%2C%22profile_label_improvements_pcf_label_in_post_enabled%22%3Atrue%2C%22responsive_web_profile_redirect_enabled%22%3Afalse%2C%22rweb_tipjar_consumption_enabled%22%3Afalse%2C%22verified_phone_label_enabled%22%3Atrue%2C%22creator_subscriptions_tweet_preview_api_enabled%22%3Atrue%2C%22responsive_web_graphql_timeline_navigation_enabled%22%3Atrue%2C%22responsive_web_graphql_skip_user_profile_image_extensions_enabled%22%3Afalse%2C%22premium_content_api_read_enabled%22%3Afalse%2C%22communities_web_enable_tweet_community_results_fetch%22%3Atrue%2C%22c9s_tweet_anatomy_moderator_badge_enabled%22%3Atrue%2C%22responsive_web_grok_analyze_button_fetch_trends_enabled%22%3Afalse%2C%22responsive_web_grok_analyze_post_followups_enabled%22%3Atrue%2C%22responsive_web_jetfuel_frame%22%3Atrue%2C%22responsive_web_grok_share_attachment_enabled%22%3Atrue%2C%22responsive_web_grok_annotations_enabled%22%3Atrue%2C%22articles_preview_enabled%22%3Atrue%2C%22responsive_web_edit_tweet_api_enabled%22%3Atrue%2C%22graphql_is_translatable_rweb_tweet_is_translatable_enabled%22%3Atrue%2C%22view_counts_everywhere_api_enabled%22%3Atrue%2C%22longform_notetweets_consumption_enabled%22%3Atrue%2C%22responsive_web_twitter_article_tweet_consumption_enabled%22%3Atrue%2C%22tweet_awards_web_tipping_enabled%22%3Afalse%2C%22content_disclosure_indicator_enabled%22%3Atrue%2C%22content_disclosure_ai_generated_indicator_enabled%22%3Atrue%2C%22responsive_web_grok_show_grok_translated_post%22%3Afalse%2C%22responsive_web_grok_analysis_button_from_backend%22%3Atrue%2C%22post_ctas_fetch_enabled%22%3Atrue%2C%22freedom_of_speech_not_reach_fetch_enabled%22%3Atrue%2C%22standardized_nudges_misinfo%22%3Atrue%2C%22tweet_with_visibility_results_prefer_gql_limited_actions_policy_enabled%22%3Atrue%2C%22longform_notetweets_rich_text_read_enabled%22%3Atrue%2C%22longform_notetweets_inline_media_enabled%22%3Afalse%2C%22responsive_web_grok_image_annotation_enabled%22%3Atrue%2C%22responsive_web_grok_imagine_annotation_enabled%22%3Atrue%2C%22responsive_web_grok_community_note_auto_translation_is_enabled%22%3Afalse%2C%22responsive_web_enhance_cards_enabled%22%3Afalse%7D:0
[13101024ms] [ERROR] Failed to load resource: net::ERR_NAME_NOT_RESOLVED @ https://x.com/i/api/fleets/v1/fleetline?only_spaces=true:0
[13129179ms] [ERROR] Failed to load resource: net::ERR_NETWORK_CHANGED @ https://x.com/i/api/2/badge_count/badge_count.json?supports_ntab_urt=1&include_xchat_count=1:0
[13129185ms] o: ApiError: https://x.com/i/api/2/badge_count/badge_count.json HTTP-0 codes:[1004]
    at u (https://abs.twimg.com/responsive-web/client-web/main.f48b270a.js:1:247344)
    at https://abs.twimg.com/responsive-web/client-web/main.f48b270a.js:1:248134
    at https://abs.twimg.com/responsive-web/client-web/main.f48b270a.js:1:248184
[13420730ms] [ERROR] Failed to load resource: the server responded with a status of 400 () @ https://api.x.com/1.1/live_pipeline/update_subscriptions:0
[14335796ms] o: ApiError: https://x.com/i/api/2/badge_count/badge_count.json HTTP-0 codes:[1004]
    at u (https://abs.twimg.com/responsive-web/client-web/main.f48b270a.js:1:247344)
    at https://abs.twimg.com/responsive-web/client-web/main.f48b270a.js:1:248134
    at https://abs.twimg.com/responsive-web/client-web/main.f48b270a.js:1:248184
[14335874ms] [ERROR] Failed to load resource: net::ERR_HTTP2_PING_FAILED @ https://api.x.com/live_pipeline/events?topic=%2Ftweet_engagement%2F2034321875506196585,%2Ftweet_engagement%2F2026197088254791998,%2Ftweet_engagement%2F2033860465760030923,%2Ftweet_engagement%2F2034034576893612113,%2Flive_content%2F1715312021829505024:0
[14356896ms] [ERROR] Failed to load resource: net::ERR_CONNECTION_TIMED_OUT @ https://x.com/i/api/1.1/graphql/user_flow.json:0
[14357200ms] [ERROR] Failed to load resource: net::ERR_CONNECTION_TIMED_OUT @ https://x.com/i/api/2/badge_count/badge_count.json?supports_ntab_urt=1&include_xchat_count=1:0
[14357200ms] o: ApiError: https://x.com/i/api/2/badge_count/badge_count.json HTTP-0 codes:[1004]
    at u (https://abs.twimg.com/responsive-web/client-web/main.f48b270a.js:1:247344)
    at https://abs.twimg.com/responsive-web/client-web/main.f48b270a.js:1:248134
    at https://abs.twimg.com/responsive-web/client-web/main.f48b270a.js:1:248184
[14447665ms] [ERROR] Failed to load resource: net::ERR_NETWORK_CHANGED @ https://x.com/i/api/2/badge_count/badge_count.json?supports_ntab_urt=1&include_xchat_count=1:0
[14447668ms] o: ApiError: https://x.com/i/api/2/badge_count/badge_count.json HTTP-0 codes:[1004]
    at u (https://abs.twimg.com/responsive-web/client-web/main.f48b270a.js:1:247344)
    at https://abs.twimg.com/responsive-web/client-web/main.f48b270a.js:1:248134
    at https://abs.twimg.com/responsive-web/client-web/main.f48b270a.js:1:248184
[15085755ms] o: ApiError: https://x.com/i/api/2/badge_count/badge_count.json HTTP-0 codes:[1004]
    at u (https://abs.twimg.com/responsive-web/client-web/main.f48b270a.js:1:247344)
    at https://abs.twimg.com/responsive-web/client-web/main.f48b270a.js:1:248134
    at https://abs.twimg.com/responsive-web/client-web/main.f48b270a.js:1:248184
[15422463ms] [ERROR] Failed to load resource: the server responded with a status of 400 () @ https://api.x.com/1.1/live_pipeline/update_subscriptions:0
[16375751ms] o: ApiError: https://x.com/i/api/2/badge_count/badge_count.json HTTP-0 codes:[1004]
    at u (https://abs.twimg.com/responsive-web/client-web/main.f48b270a.js:1:247344)
    at https://abs.twimg.com/responsive-web/client-web/main.f48b270a.js:1:248134
    at https://abs.twimg.com/responsive-web/client-web/main.f48b270a.js:1:248184
[16376812ms] [ERROR] Failed to load resource: net::ERR_HTTP2_PING_FAILED @ https://api.x.com/live_pipeline/events?topic=%2Ftweet_engagement%2F2034321875506196585,%2Ftweet_engagement%2F2026197088254791998,%2Ftweet_engagement%2F2033860465760030923,%2Ftweet_engagement%2F2034034576893612113,%2Flive_content%2F1715312021829505024:0
[16403835ms] [ERROR] Failed to load resource: net::ERR_NETWORK_CHANGED @ https://x.com/i/api/1.1/graphql/user_flow.json:0
[16403836ms] [ERROR] Failed to load resource: net::ERR_NETWORK_CHANGED @ https://x.com/i/api/1.1/graphql/user_flow.json:0
[16403837ms] [ERROR] Failed to load resource: net::ERR_NETWORK_CHANGED @ https://x.com/i/api/1.1/graphql/user_flow.json:0
[16403842ms] [ERROR] Failed to load resource: net::ERR_ADDRESS_UNREACHABLE @ https://api.x.com/1.1/help/settings.json?include_zero_rate=true&feature_set_token=d0dc5e21e096d0c3a8f69bfee3307ea6c08b2128&settings_version=c69ca64659df7d552fba8a4d7c28f679:0
[16403848ms] [ERROR] Failed to load resource: net::ERR_NETWORK_CHANGED @ https://x.com/i/api/graphql/pb8he8eISwQOfD8f06WFCQ/ExploreSidebar?variables=%7B%7D&features=%7B%22rweb_video_screen_enabled%22%3Afalse%2C%22profile_label_improvements_pcf_label_in_post_enabled%22%3Atrue%2C%22responsive_web_profile_redirect_enabled%22%3Afalse%2C%22rweb_tipjar_consumption_enabled%22%3Afalse%2C%22verified_phone_label_enabled%22%3Atrue%2C%22creator_subscriptions_tweet_preview_api_enabled%22%3Atrue%2C%22responsive_web_graphql_timeline_navigation_enabled%22%3Atrue%2C%22responsive_web_graphql_skip_user_profile_image_extensions_enabled%22%3Afalse%2C%22premium_content_api_read_enabled%22%3Afalse%2C%22communities_web_enable_tweet_community_results_fetch%22%3Atrue%2C%22c9s_tweet_anatomy_moderator_badge_enabled%22%3Atrue%2C%22responsive_web_grok_analyze_button_fetch_trends_enabled%22%3Afalse%2C%22responsive_web_grok_analyze_post_followups_enabled%22%3Atrue%2C%22responsive_web_jetfuel_frame%22%3Atrue%2C%22responsive_web_grok_share_attachment_enabled%22%3Atrue%2C%22responsive_web_grok_annotations_enabled%22%3Atrue%2C%22articles_preview_enabled%22%3Atrue%2C%22responsive_web_edit_tweet_api_enabled%22%3Atrue%2C%22graphql_is_translatable_rweb_tweet_is_translatable_enabled%22%3Atrue%2C%22view_counts_everywhere_api_enabled%22%3Atrue%2C%22longform_notetweets_consumption_enabled%22%3Atrue%2C%22responsive_web_twitter_article_tweet_consumption_enabled%22%3Atrue%2C%22tweet_awards_web_tipping_enabled%22%3Afalse%2C%22content_disclosure_indicator_enabled%22%3Atrue%2C%22content_disclosure_ai_generated_indicator_enabled%22%3Atrue%2C%22responsive_web_grok_show_grok_translated_post%22%3Afalse%2C%22responsive_web_grok_analysis_button_from_backend%22%3Atrue%2C%22post_ctas_fetch_enabled%22%3Atrue%2C%22freedom_of_speech_not_reach_fetch_enabled%22%3Atrue%2C%22standardized_nudges_misinfo%22%3Atrue%2C%22tweet_with_visibility_results_prefer_gql_limited_actions_policy_enabled%22%3Atrue%2C%22longform_notetweets_rich_text_read_enabled%22%3Atrue%2C%22longform_notetweets_inline_media_enabled%22%3Afalse%2C%22responsive_web_grok_image_annotation_enabled%22%3Atrue%2C%22responsive_web_grok_imagine_annotation_enabled%22%3Atrue%2C%22responsive_web_grok_community_note_auto_translation_is_enabled%22%3Afalse%2C%22responsive_web_enhance_cards_enabled%22%3Afalse%7D:0
[16403848ms] [ERROR] Failed to load resource: net::ERR_NETWORK_CHANGED @ https://x.com/i/api/2/badge_count/badge_count.json?supports_ntab_urt=1&include_xchat_count=1:0
[16403849ms] [ERROR] Failed to load resource: net::ERR_NETWORK_CHANGED @ https://x.com/i/api/fleets/v1/fleetline?only_spaces=true:0
[16403849ms] o: ApiError: https://x.com/i/api/2/badge_count/badge_count.json HTTP-0 codes:[1004]
    at u (https://abs.twimg.com/responsive-web/client-web/main.f48b270a.js:1:247344)
    at https://abs.twimg.com/responsive-web/client-web/main.f48b270a.js:1:248134
    at https://abs.twimg.com/responsive-web/client-web/main.f48b270a.js:1:248184
[16405588ms] [ERROR] Failed to load resource: net::ERR_NAME_NOT_RESOLVED @ https://x.com/i/api/1.1/graphql/user_flow.json:0
[16405589ms] [ERROR] Failed to load resource: net::ERR_NAME_NOT_RESOLVED @ https://x.com/i/api/1.1/graphql/error_log.json:0
[16915762ms] o: ApiError: https://x.com/i/api/2/badge_count/badge_count.json HTTP-0 codes:[1004]
    at u (https://abs.twimg.com/responsive-web/client-web/main.f48b270a.js:1:247344)
    at https://abs.twimg.com/responsive-web/client-web/main.f48b270a.js:1:248134
    at https://abs.twimg.com/responsive-web/client-web/main.f48b270a.js:1:248184
[16937816ms] [ERROR] Failed to load resource: net::ERR_CONNECTION_TIMED_OUT @ https://x.com/i/api/2/badge_count/badge_count.json?supports_ntab_urt=1&include_xchat_count=1:0
[16937820ms] o: ApiError: https://x.com/i/api/2/badge_count/badge_count.json HTTP-0 codes:[1004]
    at u (https://abs.twimg.com/responsive-web/client-web/main.f48b270a.js:1:247344)
    at https://abs.twimg.com/responsive-web/client-web/main.f48b270a.js:1:248134
    at https://abs.twimg.com/responsive-web/client-web/main.f48b270a.js:1:248184
[16938122ms] [ERROR] Failed to load resource: net::ERR_CONNECTION_TIMED_OUT @ https://x.com/i/api/1.1/graphql/error_log.json:0
[17024678ms] [ERROR] Failed to load resource: net::ERR_NETWORK_CHANGED @ https://api.x.com/1.1/live_pipeline/update_subscriptions:0
[17133706ms] [ERROR] Failed to load resource: the server responded with a status of 400 () @ https://api.x.com/1.1/live_pipeline/update_subscriptions:0
[18725261ms] o: ApiError: https://x.com/i/api/2/badge_count/badge_count.json HTTP-0 codes:[1004]
    at u (https://abs.twimg.com/responsive-web/client-web/main.f48b270a.js:1:247344)
    at https://abs.twimg.com/responsive-web/client-web/main.f48b270a.js:1:248134
    at https://abs.twimg.com/responsive-web/client-web/main.f48b270a.js:1:248184
[18731378ms] [ERROR] Failed to load resource: net::ERR_ADDRESS_UNREACHABLE @ https://x.com/i/api/1.1/graphql/error_log.json:0
[18731378ms] [ERROR] Failed to load resource: net::ERR_ADDRESS_UNREACHABLE @ https://x.com/i/api/1.1/graphql/user_flow.json:0
[18731378ms] [ERROR] Failed to load resource: net::ERR_CONNECTION_RESET @ https://api.x.com/live_pipeline/events?topic=%2Ftweet_engagement%2F2034321875506196585,%2Ftweet_engagement%2F2026197088254791998,%2Ftweet_engagement%2F2033860465760030923,%2Ftweet_engagement%2F2034034576893612113,%2Flive_content%2F1715312021829505024:0
[18737650ms] [ERROR] Failed to load resource: net::ERR_NETWORK_CHANGED @ https://api.x.com/1.1/live_pipeline/update_subscriptions:0
[18806723ms] [ERROR] Failed to load resource: net::ERR_NETWORK_CHANGED @ https://x.com/i/api/1.1/graphql/user_flow.json:0
[18835510ms] [ERROR] Failed to load resource: the server responded with a status of 400 () @ https://api.x.com/1.1/live_pipeline/update_subscriptions:0
[20161075ms] [ERROR] Failed to load resource: net::ERR_CONNECTION_RESET @ https://api.x.com/live_pipeline/events?topic=%2Ftweet_engagement%2F2034321875506196585,%2Ftweet_engagement%2F2026197088254791998,%2Ftweet_engagement%2F2033860465760030923,%2Ftweet_engagement%2F2034034576893612113,%2Flive_content%2F1715312021829505024:0
[20737174ms] [ERROR] Failed to load resource: the server responded with a status of 400 () @ https://api.x.com/1.1/live_pipeline/update_subscriptions:0
